Last login: Sat Aug 20 13:05:11 on ttys000
C4Qs-MacBook-Pro-43:~ tarynking$ cd ~/Desktop
C4Qs-MacBook-Pro-43:Desktop tarynking$ mkdir accesscode
C4Qs-MacBook-Pro-43:Desktop tarynking$ cd accesscode/
C4Qs-MacBook-Pro-43:accesscode tarynking$ ls
Hello.java
C4Qs-MacBook-Pro-43:accesscode tarynking$ cat Hello.java
public class Hello {
    public static void main(String[] args) {
        // Outputs "Hello, world!" to the console
        System.out.println("Hello, world!");
    }
}C4Qs-MacBook-Pro-43:accesscode tarynking$ 
C4Qs-MacBook-Pro-43:accesscode tarynking$ javac Hello.java
C4Qs-MacBook-Pro-43:accesscode tarynking$ ls
Hello.class	Hello.java
C4Qs-MacBook-Pro-43:accesscode tarynking$ javap -c Hello class
Compiled from "Hello.java"
public class Hello {
  public Hello();
    Code:
       0: aload_0
       1: invokespecial #1                  // Method java/lang/Object."<init>":()V
       4: return

  public static void main(java.lang.String[]);
    Code:
       0: getstatic     #2                  // Field java/lang/System.out:Ljava/io/PrintStream;
       3: ldc           #3                  // String Hello, world!
       5: invokevirtual #4                  // Method java/io/PrintStream.println:(Ljava/lang/String;)V
       8: return
}
Error: class not found: class
C4Qs-MacBook-Pro-43:accesscode tarynking$ 
  [Restored Aug 21, 2016, 11:44:41 AM]
Last login: Sun Aug 21 11:44:35 on console
C4Qs-MBP-43:accesscode tarynking$ git status
fatal: Not a git repository (or any of the parent directories): .git
C4Qs-MBP-43:accesscode tarynking$ pwd
/Users/tarynking/Desktop/accesscode
C4Qs-MBP-43:accesscode tarynking$ pwd
/Users/tarynking/Desktop/accesscode
C4Qs-MBP-43:accesscode tarynking$ ls
C4Q_Classwork_8-29
EX_08-28
HW_8-27
Hello.class
Hello.java
class notes.rtf
prework_august30-tking2005
C4Qs-MBP-43:accesscode tarynking$ cd prework_august30-tking2005/
C4Qs-MBP-43:prework_august30-tking2005 tarynking$ ls
nyc
C4Qs-MBP-43:prework_august30-tking2005 tarynking$ cd nyc
C4Qs-MBP-43:nyc tarynking$ cd ..
C4Qs-MBP-43:prework_august30-tking2005 tarynking$ ls -la
total 16
drwxr-xr-x   4 tarynking  staff   136 Aug 31 19:17 .
drwxr-xr-x  10 tarynking  staff   340 Aug 31 19:20 ..
-rw-r--r--@  1 tarynking  staff  6148 Aug 31 19:20 .DS_Store
drwxr-xr-x   4 tarynking  staff   136 Aug 31 19:17 nyc
C4Qs-MBP-43:prework_august30-tking2005 tarynking$ git status
fatal: Not a git repository (or any of the parent directories): .git
C4Qs-MBP-43:prework_august30-tking2005 tarynking$ git init
Initialized empty Git repository in /Users/tarynking/Desktop/accesscode/prework_august30-tking2005/.git/
C4Qs-MBP-43:prework_august30-tking2005 tarynking$ git status
On branch master

Initial commit

Untracked files:
  (use "git add <file>..." to include in what will be committed)

	.DS_Store
	nyc/

nothing added to commit but untracked files present (use "git add" to track)
C4Qs-MBP-43:prework_august30-tking2005 tarynking$ rm -rf
C4Qs-MBP-43:prework_august30-tking2005 tarynking$ cd nyc
C4Qs-MBP-43:nyc tarynking$ ls
c4q
C4Qs-MBP-43:nyc tarynking$ cd c4q
C4Qs-MBP-43:c4q tarynking$ ls
Drawing.class		Main.class
Hangman.class		SecretWord.class
C4Qs-MBP-43:c4q tarynking$ ls -la
total 48
drwxr-xr-x  7 tarynking  staff   238 Aug 31 19:17 .
drwxr-xr-x  4 tarynking  staff   136 Aug 31 19:17 ..
-rw-r--r--@ 1 tarynking  staff  6148 Aug 31 19:20 .DS_Store
-rw-r--r--  1 tarynking  staff   888 Aug 30 19:41 Drawing.class
-rw-r--r--  1 tarynking  staff  1725 Aug 30 19:41 Hangman.class
-rw-r--r--  1 tarynking  staff  1304 Aug 30 19:41 Main.class
-rw-r--r--  1 tarynking  staff  3806 Aug 30 19:41 SecretWord.class
C4Qs-MBP-43:c4q tarynking$ git init
Initialized empty Git repository in /Users/tarynking/Desktop/accesscode/prework_august30-tking2005/nyc/c4q/.git/
C4Qs-MBP-43:c4q tarynking$ git status
On branch master

Initial commit

Untracked files:
  (use "git add <file>..." to include in what will be committed)

	.DS_Store
	Drawing.class
	Hangman.class
	Main.class
	SecretWord.class

nothing added to commit but untracked files present (use "git add" to track)
C4Qs-MBP-43:c4q tarynking$ git add .
C4Qs-MBP-43:c4q tarynking$ git status
On branch master

Initial commit

Changes to be committed:
  (use "git rm --cached <file>..." to unstage)

	new file:   .DS_Store
	new file:   Drawing.class
	new file:   Hangman.class
	new file:   Main.class
	new file:   SecretWord.class

C4Qs-MBP-43:c4q tarynking$ git commit -m "i might recommit later"
[master (root-commit) 370fddf] i might recommit later
 Committer: Taryn King <tarynking@C4Qs-MacBook-Pro-43.local>
Your name and email address were configured automatically based
on your username and hostname. Please check that they are accurate.
You can suppress this message by setting them explicitly. Run the
following command and follow the instructions in your editor to edit
your configuration file:

    git config --global --edit

After doing this, you may fix the identity used for this commit with:

    git commit --amend --reset-author

 5 files changed, 0 insertions(+), 0 deletions(-)
 create mode 100644 .DS_Store
 create mode 100644 Drawing.class
 create mode 100644 Hangman.class
 create mode 100644 Main.class
 create mode 100644 SecretWord.class
C4Qs-MBP-43:c4q tarynking$ git remote -v
C4Qs-MBP-43:c4q tarynking$ git remote origin https://github.com/JsjRoboticsClassroom/prework_august30-tking2005.git
error: Unknown subcommand: origin
usage: git remote [-v | --verbose]
   or: git remote add [-t <branch>] [-m <master>] [-f] [--tags | --no-tags] [--mirror=<fetch|push>] <name> <url>
   or: git remote rename <old> <new>
   or: git remote remove <name>
   or: git remote set-head <name> (-a | --auto | -d | --delete | <branch>)
   or: git remote [-v | --verbose] show [-n] <name>
   or: git remote prune [-n | --dry-run] <name>
   or: git remote [-v | --verbose] update [-p | --prune] [(<group> | <remote>)...]
   or: git remote set-branches [--add] <name> <branch>...
   or: git remote get-url [--push] [--all] <name>
   or: git remote set-url [--push] <name> <newurl> [<oldurl>]
   or: git remote set-url --add <name> <newurl>
   or: git remote set-url --delete <name> <url>

    -v, --verbose         be verbose; must be placed before a subcommand

C4Qs-MBP-43:c4q tarynking$ git remote -v
C4Qs-MBP-43:c4q tarynking$ git add remote https://github.com/JsjRoboticsClassroom/prework_august30-tking2005.git
fatal: pathspec 'remote' did not match any files
C4Qs-MBP-43:c4q tarynking$ git remote add https://github.com/JsjRoboticsClassroom/prework_august30-tking2005.git
usage: git remote add [<options>] <name> <url>

    -f, --fetch           fetch the remote branches
    --tags                import all tags and associated objects when fetching
                          or do not fetch any tag at all (--no-tags)
    -t, --track <branch>  branch(es) to track
    -m, --master <branch>
                          master branch
    --mirror[=<push|fetch>]
                          set up remote as a mirror to push to or fetch from

C4Qs-MBP-43:c4q tarynking$ git remote -v
C4Qs-MBP-43:c4q tarynking$ git remote add origin https://github.com/JsjRoboticsClassroom/prework_august30-tking2005.git
C4Qs-MBP-43:c4q tarynking$ git remote -v
origin	https://github.com/JsjRoboticsClassroom/prework_august30-tking2005.git (fetch)
origin	https://github.com/JsjRoboticsClassroom/prework_august30-tking2005.git (push)
C4Qs-MBP-43:c4q tarynking$ git push
warning: push.default is unset; its implicit value has changed in
Git 2.0 from 'matching' to 'simple'. To squelch this message
and maintain the traditional behavior, use:

  git config --global push.default matching

To squelch this message and adopt the new behavior now, use:

  git config --global push.default simple

When push.default is set to 'matching', git will push local branches
to the remote branches that already exist with the same name.

Since Git 2.0, Git defaults to the more conservative 'simple'
behavior, which only pushes the current branch to the corresponding
remote branch that 'git pull' uses to update the current branch.

See 'git help config' and search for 'push.default' for further information.
(the 'simple' mode was introduced in Git 1.7.11. Use the similar mode
'current' instead of 'simple' if you sometimes use older versions of Git)

fatal: The current branch master has no upstream branch.
To push the current branch and set the remote as upstream, use

    git push --set-upstream origin master

C4Qs-MBP-43:c4q tarynking$ git push -- -upstream origin master
error: src refspec origin does not match any.
error: failed to push some refs to '-upstream'
C4Qs-MBP-43:c4q tarynking$ git remote -v
origin	https://github.com/JsjRoboticsClassroom/prework_august30-tking2005.git (fetch)
origin	https://github.com/JsjRoboticsClassroom/prework_august30-tking2005.git (push)
C4Qs-MBP-43:c4q tarynking$ git status
On branch master
nothing to commit, working directory clean
C4Qs-MBP-43:c4q tarynking$ git push origin master
To https://github.com/JsjRoboticsClassroom/prework_august30-tking2005.git
 ! [rejected]        master -> master (fetch first)
error: failed to push some refs to 'https://github.com/JsjRoboticsClassroom/prework_august30-tking2005.git'
hint: Updates were rejected because the remote contains work that you do
hint: not have locally. This is usually caused by another repository pushing
hint: to the same ref. You may want to first integrate the remote changes
hint: (e.g., 'git pull ...') before pushing again.
hint: See the 'Note about fast-forwards' in 'git push --help' for details.
C4Qs-MBP-43:c4q tarynking$ git pull origin master
warning: no common commits
remote: Counting objects: 20, done.
remote: Compressing objects: 100% (16/16), done.
remote: Total 20 (delta 0), reused 20 (delta 0), pack-reused 0
Unpacking objects: 100% (20/20), done.
From https://github.com/JsjRoboticsClassroom/prework_august30-tking2005
 * branch            master     -> FETCH_HEAD
 * [new branch]      master     -> origin/master
Merge made by the 'recursive' strategy.
 .gitignore                            |   3 +
 .idea/compiler.xml                    |  22 +++++
 .idea/copyright/profiles_settings.xml |   3 +
 .idea/description.html                |   1 +
 .idea/misc.xml                        |  12 +++
 .idea/modules.xml                     |   8 ++
 .idea/project-template.xml            |   3 +
 .idea/workspace.xml                   | 517 +++++++++++++++++++++++++++++++++++++++++++++++++++++++++++++++++++++++++++++++++++++++++++++++
 HangmanPrework.iml                    |  12 +++
 src/nyc/c4q/Drawing.java              |  25 +++++
 src/nyc/c4q/Hangman.java              |  52 ++++++++++
 src/nyc/c4q/Main.java                 |  24 +++++
 src/nyc/c4q/SecretWord.java           |  89 +++++++++++++++++
 13 files changed, 771 insertions(+)
 create mode 100644 .gitignore
 create mode 100644 .idea/compiler.xml
 create mode 100644 .idea/copyright/profiles_settings.xml
 create mode 100644 .idea/description.html
 create mode 100644 .idea/misc.xml
 create mode 100644 .idea/modules.xml
 create mode 100644 .idea/project-template.xml
 create mode 100644 .idea/workspace.xml
 create mode 100644 HangmanPrework.iml
 create mode 100644 src/nyc/c4q/Drawing.java
 create mode 100644 src/nyc/c4q/Hangman.java
 create mode 100644 src/nyc/c4q/Main.java
 create mode 100644 src/nyc/c4q/SecretWord.java
C4Qs-MBP-43:c4q tarynking$ git status
On branch master
nothing to commit, working directory clean
C4Qs-MBP-43:c4q tarynking$ git push origin master
Counting objects: 9, done.
Delta compression using up to 4 threads.
Compressing objects: 100% (9/9), done.
Writing objects: 100% (9/9), 5.43 KiB | 0 bytes/s, done.
Total 9 (delta 1), reused 0 (delta 0)
remote: Resolving deltas: 100% (1/1), done.
To https://github.com/JsjRoboticsClassroom/prework_august30-tking2005.git
   dbf5adf..51c2718  master -> master
C4Qs-MBP-43:c4q tarynking$ 
C4Qs-MBP-43:c4q tarynking$ ls
Drawing.class		Main.class
Hangman.class		SecretWord.class
HangmanPrework.iml	src
C4Qs-MBP-43:c4q tarynking$ cd .//
C4Qs-MBP-43:c4q tarynking$ ls
Drawing.class		Main.class
Hangman.class		SecretWord.class
HangmanPrework.iml	src
C4Qs-MBP-43:c4q tarynking$ cd cd ../
-bash: cd: cd: No such file or directory
C4Qs-MBP-43:c4q tarynking$ cd .//
C4Qs-MBP-43:c4q tarynking$ ls
Drawing.class		Main.class
Hangman.class		SecretWord.class
HangmanPrework.iml	src
C4Qs-MBP-43:c4q tarynking$ cd //
C4Qs-MBP-43:// tarynking$ ls
Applications
Library
Network
System
Users
Volumes
bin
cores
dev
etc
home
installer.failurerequests
net
private
sbin
tmp
usr
var
C4Qs-MBP-43:// tarynking$ cd Users/
C4Qs-MBP-43:Users tarynking$ ls
Shared		c4q		tarynking
C4Qs-MBP-43:Users tarynking$ cd tarynking/
C4Qs-MBP-43:tarynking tarynking$ ls
Applications
Desktop
Documents
Downloads
Enum
IdeaProjects
InterfaceLearning
Library
Movies
Music
Pictures
Public
prework_august30-tking2005
C4Qs-MBP-43:tarynking tarynking$ cd Desktop/
C4Qs-MBP-43:Desktop tarynking$ ls
WirelessDiagnostics_C02RX8GEFVH3_2016-08-26_14.11.10.tar.gz
accesscode
C4Qs-MBP-43:Desktop tarynking$ ls
WirelessDiagnostics_C02RX8GEFVH3_2016-08-26_14.11.10.tar.gz
accesscode
C4Qs-MBP-43:Desktop tarynking$ git remote -v
fatal: Not a git repository (or any of the parent directories): .git
C4Qs-MBP-43:Desktop tarynking$ ls
WirelessDiagnostics_C02RX8GEFVH3_2016-08-26_14.11.10.tar.gz
accesscode
C4Qs-MBP-43:Desktop tarynking$ cd accesscode
C4Qs-MBP-43:accesscode tarynking$ ls
C4Q_Classwork_8-29
EX_08-28
HW_8-27
Hello.class
Hello.java
class notes.rtf
prework_august30-tking2005
C4Qs-MBP-43:accesscode tarynking$ mkdir AC_08-30
C4Qs-MBP-43:accesscode tarynking$ ls
AC_08-30
C4Q_Classwork_8-29
EX_08-28
HW_8-27
Hello.class
Hello.java
class notes.rtf
prework_august30-tking2005
C4Qs-MBP-43:accesscode tarynking$ mkdir AC_08-31
C4Qs-MBP-43:accesscode tarynking$ ls
AC_08-30
AC_08-31
C4Q_Classwork_8-29
EX_08-28
HW_8-27
Hello.class
Hello.java
class notes.rtf
prework_august30-tking2005
C4Qs-MBP-43:accesscode tarynking$ cd AC_08-31
C4Qs-MBP-43:AC_08-31 tarynking$ ls
C4Qs-MBP-43:AC_08-31 tarynking$ git clone https://github.com/JsjRoboticsClassroom/vehicleimplementation-tking2005.git
Cloning into 'vehicleimplementation-tking2005'...
remote: Counting objects: 34, done.
remote: Compressing objects: 100% (25/25), done.
remote: Total 34 (delta 0), reused 34 (delta 0), pack-reused 
Unpacking objects: 100% (34/34), done.
Checking connectivity... done.
C4Qs-MBP-43:AC_08-31 tarynking$ git status
fatal: Not a git repository (or any of the parent directories): .git
C4Qs-MBP-43:AC_08-31 tarynking$ ls
vehicleimplementation-tking2005
C4Qs-MBP-43:AC_08-31 tarynking$ cd vehicleimplementation-tking2005/
C4Qs-MBP-43:vehicleimplementation-tking2005 tarynking$ ls
Aug31Class.iml	out		src
C4Qs-MBP-43:vehicleimplementation-tking2005 tarynking$ git status
On branch master
Your branch is up-to-date with 'origin/master'.
Changes not staged for commit:
  (use "git add <file>..." to update what will be committed)
  (use "git checkout -- <file>..." to discard changes in working directory)

	modified:   .idea/workspace.xml
	modified:   src/nyc/c4q/abassawo/Bicycle.java

Untracked files:
  (use "git add <file>..." to include in what will be committed)

	.idea/vcs.xml

no changes added to commit (use "git add" and/or "git commit -a")
C4Qs-MBP-43:vehicleimplementation-tking2005 tarynking$ git add.
git: 'add.' is not a git command. See 'git --help'.

Did you mean this?
	add
C4Qs-MBP-43:vehicleimplementation-tking2005 tarynking$ git add .
C4Qs-MBP-43:vehicleimplementation-tking2005 tarynking$ git commit -m "Implemented vehichle interface"
[master 9001093] Implemented vehichle interface
 Committer: Taryn King <tarynking@C4Qs-MacBook-Pro-43.local>
Your name and email address were configured automatically based
on your username and hostname. Please check that they are accurate.
You can suppress this message by setting them explicitly. Run the
following command and follow the instructions in your editor to edit
your configuration file:

    git config --global --edit

After doing this, you may fix the identity used for this commit with:

    git commit --amend --reset-author

 3 files changed, 130 insertions(+), 93 deletions(-)
 create mode 100644 .idea/vcs.xml
C4Qs-MBP-43:vehicleimplementation-tking2005 tarynking$ git push
warning: push.default is unset; its implicit value has changed in
Git 2.0 from 'matching' to 'simple'. To squelch this message
and maintain the traditional behavior, use:

  git config --global push.default matching

To squelch this message and adopt the new behavior now, use:

  git config --global push.default simple

When push.default is set to 'matching', git will push local branches
to the remote branches that already exist with the same name.

Since Git 2.0, Git defaults to the more conservative 'simple'
behavior, which only pushes the current branch to the corresponding
remote branch that 'git pull' uses to update the current branch.

See 'git help config' and search for 'push.default' for further information.
(the 'simple' mode was introduced in Git 1.7.11. Use the similar mode
'current' instead of 'simple' if you sometimes use older versions of Git)

Counting objects: 10, done.
Delta compression using up to 4 threads.
Compressing objects: 100% (7/7), done.
Writing objects: 100% (10/10), 1.61 KiB | 0 bytes/s, done.
Total 10 (delta 4), reused 0 (delta 0)
remote: Resolving deltas: 100% (4/4), completed with 4 local objects.
To https://github.com/JsjRoboticsClassroom/vehicleimplementation-tking2005.git
   3aa8e98..9001093  master -> master
C4Qs-MBP-43:vehicleimplementation-tking2005 tarynking$ 
